---
source: src/son/parser.rs
expression: graph
---
NodeDef(
    RefCell {
        value: Node {
            id: 10,
            opcode: Ret,
            typ: Bot,
            defs: [
                NodeDef(
                    RefCell {
                        value: Node {
                            id: 2,
                            opcode: Start,
                            typ: Bot,
                            defs: [],
                            uses: [
                                NodeUse(
                                    (Weak),
                                ),
                                NodeUse(
                                    (Weak),
                                ),
                            ],
                        },
                    },
                ),
                NodeDef(
                    RefCell {
                        value: Node {
                            id: 9,
                            opcode: Con,
                            typ: Int(
                                30,
                            ),
                            defs: [
                                NodeDef(
                                    RefCell {
                                        value: Node {
                                            id: 2,
                                            opcode: Start,
                                            typ: Bot,
                                            defs: [],
                                            uses: [
                                                NodeUse(
                                                    (Weak),
                                                ),
                                                NodeUse(
                                                    (Weak),
                                                ),
                                            ],
                                        },
                                    },
                                ),
                            ],
                            uses: [
                                NodeUse(
                                    (Weak),
                                ),
                            ],
                        },
                    },
                ),
            ],
            uses: [],
        },
    },
)
