---
source: src/son/parser.rs
expression: graph
---
Ret
